Analysis & Synthesis report for iitb_risc
Mon Oct 17 16:44:16 2016
Quartus Prime Version 16.0.0 Build 211 04/27/2016 SJ Lite Edition


---------------------
; Table of Contents ;
---------------------
  1. Legal Notice
  2. Analysis & Synthesis Summary
  3. Analysis & Synthesis Settings
  4. Parallel Compilation
  5. Analysis & Synthesis Source Files Read
  6. Analysis & Synthesis Resource Usage Summary
  7. Analysis & Synthesis Resource Utilization by Entity
  8. General Register Statistics
  9. Analysis & Synthesis Messages



----------------
; Legal Notice ;
----------------
Copyright (C) 1991-2016 Altera Corporation. All rights reserved.
Your use of Altera Corporation's design tools, logic functions 
and other software and tools, and its AMPP partner logic 
functions, and any output files from any of the foregoing 
(including device programming or simulation files), and any 
associated documentation or information are expressly subject 
to the terms and conditions of the Altera Program License 
Subscription Agreement, the Altera Quartus Prime License Agreement,
the Altera MegaCore Function License Agreement, or other 
applicable license agreement, including, without limitation, 
that your use is for the sole purpose of programming logic 
devices manufactured by Altera and sold by Altera or its 
authorized distributors.  Please refer to the applicable 
agreement for further details.



+---------------------------------------------------------------------------+
; Analysis & Synthesis Summary                                              ;
+-----------------------------+---------------------------------------------+
; Analysis & Synthesis Status ; Successful - Mon Oct 17 16:44:16 2016       ;
; Quartus Prime Version       ; 16.0.0 Build 211 04/27/2016 SJ Lite Edition ;
; Revision Name               ; iitb_risc                                   ;
; Top-level Entity Name       ; iitb_risc                                   ;
; Family                      ; MAX V                                       ;
; Total logic elements        ; 63                                          ;
; Total pins                  ; 109                                         ;
; Total virtual pins          ; 0                                           ;
; UFM blocks                  ; 0 / 1 ( 0 % )                               ;
+-----------------------------+---------------------------------------------+


+----------------------------------------------------------------------------------------------------------------------+
; Analysis & Synthesis Settings                                                                                        ;
+----------------------------------------------------------------------------+--------------------+--------------------+
; Option                                                                     ; Setting            ; Default Value      ;
+----------------------------------------------------------------------------+--------------------+--------------------+
; Top-level entity name                                                      ; iitb_risc          ; iitb_risc          ;
; Family name                                                                ; MAX V              ; Cyclone V          ;
; Use smart compilation                                                      ; Off                ; Off                ;
; Enable parallel Assembler and TimeQuest Timing Analyzer during compilation ; On                 ; On                 ;
; Enable compact report table                                                ; Off                ; Off                ;
; Restructure Multiplexers                                                   ; Auto               ; Auto               ;
; Create Debugging Nodes for IP Cores                                        ; Off                ; Off                ;
; Preserve fewer node names                                                  ; On                 ; On                 ;
; Disable OpenCore Plus hardware evaluation                                  ; Off                ; Off                ;
; Verilog Version                                                            ; Verilog_2001       ; Verilog_2001       ;
; VHDL Version                                                               ; VHDL_1993          ; VHDL_1993          ;
; State Machine Processing                                                   ; Auto               ; Auto               ;
; Safe State Machine                                                         ; Off                ; Off                ;
; Extract Verilog State Machines                                             ; On                 ; On                 ;
; Extract VHDL State Machines                                                ; On                 ; On                 ;
; Ignore Verilog initial constructs                                          ; Off                ; Off                ;
; Iteration limit for constant Verilog loops                                 ; 5000               ; 5000               ;
; Iteration limit for non-constant Verilog loops                             ; 250                ; 250                ;
; Add Pass-Through Logic to Inferred RAMs                                    ; On                 ; On                 ;
; Infer RAMs from Raw Logic                                                  ; On                 ; On                 ;
; Parallel Synthesis                                                         ; On                 ; On                 ;
; NOT Gate Push-Back                                                         ; On                 ; On                 ;
; Power-Up Don't Care                                                        ; On                 ; On                 ;
; Remove Redundant Logic Cells                                               ; Off                ; Off                ;
; Remove Duplicate Registers                                                 ; On                 ; On                 ;
; Ignore CARRY Buffers                                                       ; Off                ; Off                ;
; Ignore CASCADE Buffers                                                     ; Off                ; Off                ;
; Ignore GLOBAL Buffers                                                      ; Off                ; Off                ;
; Ignore ROW GLOBAL Buffers                                                  ; Off                ; Off                ;
; Ignore LCELL Buffers                                                       ; Off                ; Off                ;
; Ignore SOFT Buffers                                                        ; On                 ; On                 ;
; Limit AHDL Integers to 32 Bits                                             ; Off                ; Off                ;
; Optimization Technique                                                     ; Balanced           ; Balanced           ;
; Carry Chain Length                                                         ; 70                 ; 70                 ;
; Auto Carry Chains                                                          ; On                 ; On                 ;
; Auto Open-Drain Pins                                                       ; On                 ; On                 ;
; Perform WYSIWYG Primitive Resynthesis                                      ; Off                ; Off                ;
; Auto Shift Register Replacement                                            ; Auto               ; Auto               ;
; Allow Shift Register Merging across Hierarchies                            ; Auto               ; Auto               ;
; Auto Clock Enable Replacement                                              ; On                 ; On                 ;
; Allow Synchronous Control Signals                                          ; On                 ; On                 ;
; Force Use of Synchronous Clear Signals                                     ; Off                ; Off                ;
; Auto Resource Sharing                                                      ; Off                ; Off                ;
; Use LogicLock Constraints during Resource Balancing                        ; On                 ; On                 ;
; Ignore translate_off and synthesis_off directives                          ; Off                ; Off                ;
; Report Parameter Settings                                                  ; On                 ; On                 ;
; Report Source Assignments                                                  ; On                 ; On                 ;
; Report Connectivity Checks                                                 ; On                 ; On                 ;
; Ignore Maximum Fan-Out Assignments                                         ; Off                ; Off                ;
; Synchronization Register Chain Length                                      ; 2                  ; 2                  ;
; PowerPlay Power Optimization During Synthesis                              ; Normal compilation ; Normal compilation ;
; HDL message level                                                          ; Level2             ; Level2             ;
; Suppress Register Optimization Related Messages                            ; Off                ; Off                ;
; Number of Removed Registers Reported in Synthesis Report                   ; 5000               ; 5000               ;
; Number of Swept Nodes Reported in Synthesis Report                         ; 5000               ; 5000               ;
; Number of Inverted Registers Reported in Synthesis Report                  ; 100                ; 100                ;
; Clock MUX Protection                                                       ; On                 ; On                 ;
; Block Design Naming                                                        ; Auto               ; Auto               ;
; Synthesis Effort                                                           ; Auto               ; Auto               ;
; Shift Register Replacement - Allow Asynchronous Clear Signal               ; On                 ; On                 ;
; Analysis & Synthesis Message Level                                         ; Medium             ; Medium             ;
; Disable Register Merging Across Hierarchies                                ; Auto               ; Auto               ;
; Synthesis Seed                                                             ; 1                  ; 1                  ;
+----------------------------------------------------------------------------+--------------------+--------------------+


Parallel compilation was disabled, but you have multiple processors available. Enable parallel compilation to reduce compilation time.
+-------------------------------------+
; Parallel Compilation                ;
+----------------------------+--------+
; Processors                 ; Number ;
+----------------------------+--------+
; Number detected on machine ; 4      ;
; Maximum allowed            ; 1      ;
+----------------------------+--------+


+----------------------------------------------------------------------------------------------------------------------------------------------------------------------------------------------------------------------------------------+
; Analysis & Synthesis Source Files Read                                                                                                                                                                                                 ;
+----------------------------------+-----------------+-----------------+-------------------------------------------------------------------------------------------------------------------------------------------------------+---------+
; File Name with User-Entered Path ; Used in Netlist ; File Type       ; File Name with Absolute Path                                                                                                                          ; Library ;
+----------------------------------+-----------------+-----------------+-------------------------------------------------------------------------------------------------------------------------------------------------------+---------+
; vhd_files/regfile.vhdl           ; yes             ; User VHDL File  ; /home/arktheshadow/ARK-Linux/Programming/MicroProcessorLab/Microprocessor_projects/microprocessors309/Project1/IITB-RISC/vhd_files/regfile.vhdl       ;         ;
; vhd_files/datareg.vhdl           ; yes             ; User VHDL File  ; /home/arktheshadow/ARK-Linux/Programming/MicroProcessorLab/Microprocessor_projects/microprocessors309/Project1/IITB-RISC/vhd_files/datareg.vhdl       ;         ;
; vhd_files/bigmux.vhd             ; yes             ; User VHDL File  ; /home/arktheshadow/ARK-Linux/Programming/MicroProcessorLab/Microprocessor_projects/microprocessors309/Project1/IITB-RISC/vhd_files/bigmux.vhd         ;         ;
; vhd_files/alu.vhd                ; yes             ; User VHDL File  ; /home/arktheshadow/ARK-Linux/Programming/MicroProcessorLab/Microprocessor_projects/microprocessors309/Project1/IITB-RISC/vhd_files/alu.vhd            ;         ;
; vhd_files/all_components.vhd     ; yes             ; User VHDL File  ; /home/arktheshadow/ARK-Linux/Programming/MicroProcessorLab/Microprocessor_projects/microprocessors309/Project1/IITB-RISC/vhd_files/all_components.vhd ;         ;
; vhd_files/iitb_risc.vhdl         ; yes             ; User VHDL File  ; /home/arktheshadow/ARK-Linux/Programming/MicroProcessorLab/Microprocessor_projects/microprocessors309/Project1/IITB-RISC/vhd_files/iitb_risc.vhdl     ;         ;
+----------------------------------+-----------------+-----------------+-------------------------------------------------------------------------------------------------------------------------------------------------------+---------+


+-----------------------------------------------------+
; Analysis & Synthesis Resource Usage Summary         ;
+---------------------------------------------+-------+
; Resource                                    ; Usage ;
+---------------------------------------------+-------+
; Total logic elements                        ; 63    ;
;     -- Combinational with no register       ; 40    ;
;     -- Register only                        ; 16    ;
;     -- Combinational with a register        ; 7     ;
;                                             ;       ;
; Logic element usage by number of LUT inputs ;       ;
;     -- 4 input functions                    ; 22    ;
;     -- 3 input functions                    ; 18    ;
;     -- 2 input functions                    ; 6     ;
;     -- 1 input functions                    ; 1     ;
;     -- 0 input functions                    ; 0     ;
;                                             ;       ;
; Logic elements by mode                      ;       ;
;     -- normal mode                          ; 47    ;
;     -- arithmetic mode                      ; 16    ;
;     -- qfbk mode                            ; 0     ;
;     -- register cascade mode                ; 0     ;
;     -- synchronous clear/load mode          ; 0     ;
;     -- asynchronous clear/load mode         ; 0     ;
;                                             ;       ;
; Total registers                             ; 23    ;
; Total logic cells in carry chains           ; 17    ;
; I/O pins                                    ; 109   ;
; Maximum fan-out node                        ; clk   ;
; Maximum fan-out                             ; 23    ;
; Total fan-out                               ; 260   ;
; Average fan-out                             ; 1.51  ;
+---------------------------------------------+-------+


+--------------------------------------------------------------------------------------------------------------------------------------------------------------------------------------------------------------------------------------------------------------------------------------------+
; Analysis & Synthesis Resource Utilization by Entity                                                                                                                                                                                                                                        ;
+------------------------------------------+-------------+--------------+------------+------+--------------+--------------+-------------------+------------------+-----------------+------------+--------------------------------------------------------------+--------------+--------------+
; Compilation Hierarchy Node               ; Logic Cells ; LC Registers ; UFM Blocks ; Pins ; Virtual Pins ; LUT-Only LCs ; Register-Only LCs ; LUT/Register LCs ; Carry Chain LCs ; Packed LCs ; Full Hierarchy Name                                          ; Entity Name  ; Library Name ;
+------------------------------------------+-------------+--------------+------------+------+--------------+--------------+-------------------+------------------+-----------------+------------+--------------------------------------------------------------+--------------+--------------+
; |iitb_risc                               ; 63 (0)      ; 23           ; 0          ; 109  ; 0            ; 40 (0)       ; 16 (0)            ; 7 (0)            ; 17 (0)          ; 0 (0)      ; |iitb_risc                                                   ; iitb_risc    ; work         ;
;    |RegFile:regfile1|                    ; 40 (1)      ; 23           ; 0          ; 0    ; 0            ; 17 (1)       ; 16 (0)            ; 7 (0)            ; 0 (0)           ; 0 (0)      ; |iitb_risc|RegFile:regfile1                                  ; RegFile      ; work         ;
;       |DataRegister:\RegFile:0:RegFileX| ; 16 (16)     ; 16           ; 0          ; 0    ; 0            ; 0 (0)        ; 16 (16)           ; 0 (0)            ; 0 (0)           ; 0 (0)      ; |iitb_risc|RegFile:regfile1|DataRegister:\RegFile:0:RegFileX ; DataRegister ; work         ;
;       |DataRegister:\RegFile:1:RegFileX| ; 2 (2)       ; 1            ; 0          ; 0    ; 0            ; 1 (1)        ; 0 (0)             ; 1 (1)            ; 0 (0)           ; 0 (0)      ; |iitb_risc|RegFile:regfile1|DataRegister:\RegFile:1:RegFileX ; DataRegister ; work         ;
;       |DataRegister:\RegFile:2:RegFileX| ; 2 (2)       ; 1            ; 0          ; 0    ; 0            ; 1 (1)        ; 0 (0)             ; 1 (1)            ; 0 (0)           ; 0 (0)      ; |iitb_risc|RegFile:regfile1|DataRegister:\RegFile:2:RegFileX ; DataRegister ; work         ;
;       |DataRegister:\RegFile:3:RegFileX| ; 2 (2)       ; 1            ; 0          ; 0    ; 0            ; 1 (1)        ; 0 (0)             ; 1 (1)            ; 0 (0)           ; 0 (0)      ; |iitb_risc|RegFile:regfile1|DataRegister:\RegFile:3:RegFileX ; DataRegister ; work         ;
;       |DataRegister:\RegFile:4:RegFileX| ; 2 (2)       ; 1            ; 0          ; 0    ; 0            ; 1 (1)        ; 0 (0)             ; 1 (1)            ; 0 (0)           ; 0 (0)      ; |iitb_risc|RegFile:regfile1|DataRegister:\RegFile:4:RegFileX ; DataRegister ; work         ;
;       |DataRegister:\RegFile:5:RegFileX| ; 2 (2)       ; 1            ; 0          ; 0    ; 0            ; 1 (1)        ; 0 (0)             ; 1 (1)            ; 0 (0)           ; 0 (0)      ; |iitb_risc|RegFile:regfile1|DataRegister:\RegFile:5:RegFileX ; DataRegister ; work         ;
;       |DataRegister:\RegFile:6:RegFileX| ; 1 (1)       ; 1            ; 0          ; 0    ; 0            ; 0 (0)        ; 0 (0)             ; 1 (1)            ; 0 (0)           ; 0 (0)      ; |iitb_risc|RegFile:regfile1|DataRegister:\RegFile:6:RegFileX ; DataRegister ; work         ;
;       |DataRegister:\RegFile:7:RegFileX| ; 2 (2)       ; 1            ; 0          ; 0    ; 0            ; 1 (1)        ; 0 (0)             ; 1 (1)            ; 0 (0)           ; 0 (0)      ; |iitb_risc|RegFile:regfile1|DataRegister:\RegFile:7:RegFileX ; DataRegister ; work         ;
;       |bigmux:\D1MuxLayer2:0:MuxLayer2X| ; 5 (5)       ; 0            ; 0          ; 0    ; 0            ; 5 (5)        ; 0 (0)             ; 0 (0)            ; 0 (0)           ; 0 (0)      ; |iitb_risc|RegFile:regfile1|bigmux:\D1MuxLayer2:0:MuxLayer2X ; bigmux       ; work         ;
;       |bigmux:\D2MuxLayer2:0:MuxLayer2X| ; 5 (5)       ; 0            ; 0          ; 0    ; 0            ; 5 (5)        ; 0 (0)             ; 0 (0)            ; 0 (0)           ; 0 (0)      ; |iitb_risc|RegFile:regfile1|bigmux:\D2MuxLayer2:0:MuxLayer2X ; bigmux       ; work         ;
;    |alu:alu1|                            ; 23 (22)     ; 0            ; 0          ; 0    ; 0            ; 23 (22)      ; 0 (0)             ; 0 (0)            ; 17 (17)         ; 0 (0)      ; |iitb_risc|alu:alu1                                          ; alu          ; work         ;
;       |bigmux:final|                     ; 1 (1)       ; 0            ; 0          ; 0    ; 0            ; 1 (1)        ; 0 (0)             ; 0 (0)            ; 0 (0)           ; 0 (0)      ; |iitb_risc|alu:alu1|bigmux:final                             ; bigmux       ; work         ;
+------------------------------------------+-------------+--------------+------------+------+--------------+--------------+-------------------+------------------+-----------------+------------+--------------------------------------------------------------+--------------+--------------+
Note: For table entries with two numbers listed, the numbers in parentheses indicate the number of resources of the given type used by the specific entity alone. The numbers listed outside of parentheses indicate the total resources of the given type used by the specific entity and all of its sub-entities in the hierarchy.


+------------------------------------------------------+
; General Register Statistics                          ;
+----------------------------------------------+-------+
; Statistic                                    ; Value ;
+----------------------------------------------+-------+
; Total registers                              ; 23    ;
; Number of registers using Synchronous Clear  ; 0     ;
; Number of registers using Synchronous Load   ; 0     ;
; Number of registers using Asynchronous Clear ; 0     ;
; Number of registers using Asynchronous Load  ; 0     ;
; Number of registers using Clock Enable       ; 16    ;
; Number of registers using Preset             ; 0     ;
+----------------------------------------------+-------+


+-------------------------------+
; Analysis & Synthesis Messages ;
+-------------------------------+
Info: *******************************************************************
Info: Running Quartus Prime Analysis & Synthesis
    Info: Version 16.0.0 Build 211 04/27/2016 SJ Lite Edition
    Info: Processing started: Mon Oct 17 16:44:01 2016
Info: Command: quartus_map --read_settings_files=on --write_settings_files=off IITB-RISC -c iitb_risc
Warning (20028): Parallel compilation is not licensed and has been disabled
Info (12021): Found 2 design units, including 1 entities, in source file vhd_files/regfile.vhdl
    Info (12022): Found design unit 1: RegFile-Behave File: /home/arktheshadow/ARK-Linux/Programming/MicroProcessorLab/Microprocessor_projects/microprocessors309/Project1/IITB-RISC/vhd_files/regfile.vhdl Line: 14
    Info (12023): Found entity 1: RegFile File: /home/arktheshadow/ARK-Linux/Programming/MicroProcessorLab/Microprocessor_projects/microprocessors309/Project1/IITB-RISC/vhd_files/regfile.vhdl Line: 6
Info (12021): Found 2 design units, including 1 entities, in source file vhd_files/datareg.vhdl
    Info (12022): Found design unit 1: DataRegister-NBits File: /home/arktheshadow/ARK-Linux/Programming/MicroProcessorLab/Microprocessor_projects/microprocessors309/Project1/IITB-RISC/vhd_files/datareg.vhdl Line: 14
    Info (12023): Found entity 1: DataRegister File: /home/arktheshadow/ARK-Linux/Programming/MicroProcessorLab/Microprocessor_projects/microprocessors309/Project1/IITB-RISC/vhd_files/datareg.vhdl Line: 7
Info (12021): Found 2 design units, including 1 entities, in source file vhd_files/bigmux.vhd
    Info (12022): Found design unit 1: bigmux-big File: /home/arktheshadow/ARK-Linux/Programming/MicroProcessorLab/Microprocessor_projects/microprocessors309/Project1/IITB-RISC/vhd_files/bigmux.vhd Line: 17
    Info (12023): Found entity 1: bigmux File: /home/arktheshadow/ARK-Linux/Programming/MicroProcessorLab/Microprocessor_projects/microprocessors309/Project1/IITB-RISC/vhd_files/bigmux.vhd Line: 8
Info (12021): Found 2 design units, including 1 entities, in source file vhd_files/alu.vhd
    Info (12022): Found design unit 1: alu-implementation File: /home/arktheshadow/ARK-Linux/Programming/MicroProcessorLab/Microprocessor_projects/microprocessors309/Project1/IITB-RISC/vhd_files/alu.vhd Line: 21
    Info (12023): Found entity 1: alu File: /home/arktheshadow/ARK-Linux/Programming/MicroProcessorLab/Microprocessor_projects/microprocessors309/Project1/IITB-RISC/vhd_files/alu.vhd Line: 11
Info (12021): Found 1 design units, including 0 entities, in source file vhd_files/all_components.vhd
    Info (12022): Found design unit 1: all_components File: /home/arktheshadow/ARK-Linux/Programming/MicroProcessorLab/Microprocessor_projects/microprocessors309/Project1/IITB-RISC/vhd_files/all_components.vhd Line: 4
Info (12021): Found 2 design units, including 1 entities, in source file vhd_files/iitb_risc.vhdl
    Info (12022): Found design unit 1: iitb_risc-Behave File: /home/arktheshadow/ARK-Linux/Programming/MicroProcessorLab/Microprocessor_projects/microprocessors309/Project1/IITB-RISC/vhd_files/iitb_risc.vhdl Line: 23
    Info (12023): Found entity 1: iitb_risc File: /home/arktheshadow/ARK-Linux/Programming/MicroProcessorLab/Microprocessor_projects/microprocessors309/Project1/IITB-RISC/vhd_files/iitb_risc.vhdl Line: 8
Info (12127): Elaborating entity "iitb_risc" for the top level hierarchy
Info (12128): Elaborating entity "alu" for hierarchy "alu:alu1" File: /home/arktheshadow/ARK-Linux/Programming/MicroProcessorLab/Microprocessor_projects/microprocessors309/Project1/IITB-RISC/vhd_files/iitb_risc.vhdl Line: 26
Info (12128): Elaborating entity "bigmux" for hierarchy "alu:alu1|bigmux:final" File: /home/arktheshadow/ARK-Linux/Programming/MicroProcessorLab/Microprocessor_projects/microprocessors309/Project1/IITB-RISC/vhd_files/alu.vhd Line: 58
Warning (10540): VHDL Signal Declaration warning at bigmux.vhd(18): used explicit default value for signal "s1" because signal was never assigned a value File: /home/arktheshadow/ARK-Linux/Programming/MicroProcessorLab/Microprocessor_projects/microprocessors309/Project1/IITB-RISC/vhd_files/bigmux.vhd Line: 18
Info (12128): Elaborating entity "RegFile" for hierarchy "RegFile:regfile1" File: /home/arktheshadow/ARK-Linux/Programming/MicroProcessorLab/Microprocessor_projects/microprocessors309/Project1/IITB-RISC/vhd_files/iitb_risc.vhdl Line: 28
Info (12128): Elaborating entity "DataRegister" for hierarchy "RegFile:regfile1|DataRegister:\RegFile:0:RegFileX" File: /home/arktheshadow/ARK-Linux/Programming/MicroProcessorLab/Microprocessor_projects/microprocessors309/Project1/IITB-RISC/vhd_files/regfile.vhdl Line: 26
Info (21057): Implemented 172 device resources after synthesis - the final resource count might be different
    Info (21058): Implemented 59 input pins
    Info (21059): Implemented 50 output pins
    Info (21061): Implemented 63 logic cells
Info: Quartus Prime Analysis & Synthesis was successful. 0 errors, 2 warnings
    Info: Peak virtual memory: 1232 megabytes
    Info: Processing ended: Mon Oct 17 16:44:16 2016
    Info: Elapsed time: 00:00:15
    Info: Total CPU time (on all processors): 00:00:34


